[main 373120b] Auto commit: 2026-08-13 23:27:01
 1 file changed, 154 deletions(-)
To https://github.com/jarwonozt/greening.git
   2f94fa8..373120b  main -> main
[main b0e7637] Auto commit: 2026-08-14 00:00:01
 1 file changed, 4 insertions(+)
To https://github.com/jarwonozt/greening.git
   373120b..b0e7637  main -> main
[main a8e03e5] Auto commit: 2026-08-14 02:00:02
 1 file changed, 4 insertions(+)
To https://github.com/jarwonozt/greening.git
   b0e7637..a8e03e5  main -> main
[main 94cdab0] Auto commit: 2026-08-14 04:00:02
 1 file changed, 4 insertions(+)
To https://github.com/jarwonozt/greening.git
   a8e03e5..94cdab0  main -> main
[main a5a5416] Auto commit: 2026-08-14 06:00:03
 1 file changed, 4 insertions(+)
To https://github.com/jarwonozt/greening.git
   94cdab0..a5a5416  main -> main
[main 8dc6492] Auto commit: 2026-08-14 08:00:02
 1 file changed, 4 insertions(+)
To https://github.com/jarwonozt/greening.git
   a5a5416..8dc6492  main -> main
[main b56f364] Auto commit: 2026-08-14 10:00:01
 1 file changed, 4 insertions(+)
To https://github.com/jarwonozt/greening.git
   8dc6492..b56f364  main -> main
[main fec5ff1] Auto commit: 2026-08-14 12:00:01
 1 file changed, 4 insertions(+)
To https://github.com/jarwonozt/greening.git
   b56f364..fec5ff1  main -> main
[main 765f394] Auto commit: 2026-08-14 14:00:03
 1 file changed, 4 insertions(+)
error: RPC failed; HTTP 401 curl 22 The requested URL returned error: 401
send-pack: unexpected disconnect while reading sideband packet
fatal: the remote end hung up unexpectedly
Everything up-to-date
[main 4632d13] Auto commit: 2026-08-14 16:00:02
 1 file changed, 6 insertions(+)
To https://github.com/jarwonozt/greening.git
   fec5ff1..4632d13  main -> main
